// Jest Snapshot v1, https://goo.gl/fbAQLP

exports[`Users List Page Should match its snapshot 1`] = `
<div>
  <HelmetWrapper
    defer={true}
    encodeSpecialCharacters={true}
  >
    <title>
       
      React SSR - Users (3)
       
    </title>
    <meta
      content="React SSR - Users"
      name="og:title"
    />
  </HelmetWrapper>
  <h1>
     User List 
  </h1>
  <ul>
     
    <li
      key="1"
    >
       
      a
       
    </li>
    <li
      key="2"
    >
       
      b
       
    </li>
    <li
      key="3"
    >
       
      c
       
    </li>
     
  </ul>
</div>
`;
